[
    {"export_updates_received": 47, 
    "protocol": "OSPF", 
    "description": "Foo IGP", 
    "ipv4_state": "UP", 
    "import_updates_ignored": 0, 
    "import_withdraws_rejected": 0, 
    "export_updates_accepted": 0, 
    "import_updates_accepted": 6, 
    "import_updates_received": 6, 
    "export_updates_filtered": 43, 
    "import_withdraws_ignored": 0, 
    "routes_imported": 3, 
    "export_updates_rejected": 4, 
    "import_updates_filtered": 0, 
    "export_withdraws_accepted": 0, 
    "import_withdraws_accepted": 3, 
    "export_withdraws_received": 22, 
    "up": false, 
    "name": "foo_igp", 
    "state": "Running", 
    "routes_exported": 0, 
    "import_updates_rejected": 0, 
    "last_change": "2019-05-31T00:00:00", 
    "import_withdraws_received": 3
    }
]